// Jest Snapshot v1, https://goo.gl/fbAQLP

exports[`kosko generate --dev 1`] = `
"metadata:
  annotations:
    field.cattle.io/creatorId: gitlab
    field.cattle.io/projectId: 'c-bd7z2:p-7ms8p'
    git/branch: e2e-branch
    git/remote: 'git@github.com:SocialGouv/sample-kosko.git'
    app.gitlab.com/app: socialgouv-sample-kosko
    app.gitlab.com/env: e2e-branch-42
    app.gitlab.com/env.name: e2e-branch-dev2
  labels:
    application: e2e-branch-42-sample-kosko
    owner: sample-kosko
    team: sample-kosko
    cert: wildcard
  name: sample-kosko-24-e2e-branch-42
apiVersion: v1
kind: Namespace
"
`;
